Microchip MPLAB XC8 Compiler V2.46

Linker command line:

-W-3 \
  --edf=C:/Program Files/Microchip/MPLABX/v6.20/packs/Microchip/PIC16F1xxxx_DFP/1.24.387/xc8\pic\dat\20240111205957_en.msgs \
  -cn -h+dist/default/debug\Mtouch.X.debug.sym \
  --cmf=dist/default/debug\Mtouch.X.debug.cmf -z -Q16F18855 \
  -oC:\Users\JRyu\AppData\Local\Temp\xcAsh9c.\driver_tmp_3.o \
  --defsym=__MPLAB_BUILD=1 --fixupoverflow=error \
  -Mdist/default/debug/Mtouch.X.debug.map \
  --md=C:\Users\JRyu\AppData\Local\Temp\xcAsh9c.\driver_tmp_0.dat -E1 \
  -ver=XC8 Compiler --acfsm=1493 -ACODE=00h-07FFhx4 -ASTRCODE=00h-01FFFh \
  -ASTRING=00h-0FFhx32 -ACONST=00h-0FFhx32 -AENTRY=00h-0FFhx32 \
  -ACOMMON=070h-07Fh -ABANK0=020h-06Fh -ABANK1=0A0h-0EFh \
  -ABANK2=0120h-016Fh -ABANK3=01A0h-01EFh -ABANK4=0220h-026Fh \
  -ABANK5=02A0h-02EFh -ABANK6=0320h-036Fh -ABANK7=03A0h-03EFh \
  -ABANK8=0420h-046Fh -ABANK9=04A0h-04EFh -ABANK10=0520h-056Fh \
  -ABANK11=05A0h-05EFh -ABANK12=0620h-064Fh -ABIGRAM=02000h-023EFh \
  -ARAM=020h-06Fh,0A0h-0EFh,0120h-016Fh,01A0h-01EFh,0220h-026Fh,02A0h-02EFh,0320h-036Fh,03A0h-03EFh,0420h-046Fh,04A0h-04EFh,0520h-056Fh,05A0h-05EFh,0620h-064Fh \
  -AABS1=020h-07Fh,0A0h-0EFh,0120h-016Fh,01A0h-01EFh,0220h-026Fh,02A0h-02EFh,0320h-036Fh,03A0h-03EFh,0420h-046Fh,04A0h-04EFh,0520h-056Fh,05A0h-05EFh,0620h-064Fh \
  -ASFR0=00h-01Fh -ASFR1=080h-09Fh -ASFR2=0100h-011Fh -ASFR3=0180h-019Fh \
  -ASFR4=0200h-021Fh -ASFR5=0280h-029Fh -ASFR6=0300h-031Fh \
  -ASFR7=0380h-039Fh -ASFR8=0400h-041Fh -ASFR9=0480h-049Fh \
  -ASFR10=0500h-051Fh -ASFR11=0580h-059Fh -ASFR12=0600h-061Fh \
  -ASFR13=0680h-06EFh -ASFR14=0700h-076Fh -ASFR15=0780h-07EFh \
  -ASFR16=0800h-086Fh -ASFR17=0880h-08EFh -ASFR18=0900h-096Fh \
  -ASFR19=0980h-09EFh -ASFR20=0A00h-0A6Fh -ASFR21=0A80h-0AEFh \
  -ASFR22=0B00h-0B6Fh -ASFR23=0B80h-0BEFh -ASFR24=0C00h-0C6Fh \
  -ASFR25=0C80h-0CEFh -ASFR26=0D00h-0D6Fh -ASFR27=0D80h-0DEFh \
  -ASFR28=0E00h-0E6Fh -ASFR29=0E80h-0EEFh -ASFR30=0F00h-0F6Fh \
  -ASFR31=0F80h-0FEFh -ACONFIG=08007h-0800Bh -DCONFIG=2 \
  -AIDLOC=08000h-08003h -DIDLOC=2 -AEEDATA=00h-0FFh/0F000h \
  -peeprom_data=EEDATA -DEEDATA=2 -DCODE=2 -DSTRCODE=2 -DSTRING=2 -DCONST=2 \
  -DENTRY=2 -preset_vec=00h,intentry=04h,sivt,init,end_init -ppowerup=CODE \
  -pcinit=CODE -pfunctab=ENTRY -k \
  C:\Users\JRyu\AppData\Local\Temp\xcAsh9c.\driver_tmp_15.o \
  dist/default/debug\Mtouch.X.debug.o 

Object code version is 3.11

Machine type is 16F18855



                Name                               Link     Load   Length Selector   Space Scale
C:\Users\JRyu\AppData\Local\Temp\xcAsh9c.\driver_tmp_15.o
                end_init                             37       37        2        8       0
                reset_vec                             0        0        2        0       0
                config                             8007     8007        5        0       4
dist/default/debug\Mtouch.X.debug.o
                cinit                                39       39       2D        8       0
                intentry                              4        4       33        8       0
                config                             8007     8007        5        0       4
                text97                              9F0      9F0       13     13E0       0
                text96                              93D      93D        C     127A       0
                text95                              8D9      8D9        8     11B2       0
                text94                              974      974       11     12E8       0
                text93                              526      526       8D        8       0
                text92                              8C4      8C4        7     1188       0
                text91                              A8D      A8D       15     151A       0
                text90                              A29      A29       14     1452       0
                text89                              A3D      A3D       14     147A       0
                text88                              B24      B24       17     1648       0
                text87                              927      927        B     124E       0
                text86                              3EC      3EC       A3        8       0
                text85                              6C6      6C6       7A        8       0
                text84                              8A6      8A6        6     114C       0
                text83                              889      889        1     1112       0
                text82                              955      955        F     12AA       0
                text81                              B69      B69       19     16D2       0
                text80                              891      891        4     1122       0
                text79                              88A      88A        1     1114       0
                text78                              895      895        4     112A       0
                text77                              E8E      E8E       3D     1D1C       0
                text76                              CA0      CA0       22     1940       0
                text74                              63D      63D       89        8       0
                text73                              ACC      ACC       16     1598       0
                text72                              B82      B82       19     1704       0
                text71                              F0D      F0D       4D     1E1A       0
                text70                              996      996       12     132C       0
                text69                              E03      E03       2C     1C06       0
                text68                              5B3      5B3       8A        8       0
                text67                              88B      88B        1     1116       0
                text66                              9A8      9A8       12     1350       0
                text65                              E5D      E5D       31     1CBA       0
                text64                              79F      79F       58        8       0
                text63                              740      740       5F        8       0
                text62                              48F      48F       97        8       0
                text61                              B9B      B9B       19     1736       0
                text60                              AA2      AA2       15     1544       0
                text59                              F5A      F5A       52     1EB4       0
                text58                              985      985       11     130A       0
                text57                              C5E      C5E       21     18BC       0
                text56                              A51      A51       14     14A2       0
                text55                              AE2      AE2       16     15C4       0
                text54                              BCD      BCD       1A     179A       0
                text53                              AF8      AF8       16     15F0       0
                text52                              B0E      B0E       16     161C       0
                text51                              BE7      BE7       1D     17CE       0
                text50                              A65      A65       14     14CA       0
                text49                              A79      A79       14     14F2       0
                text48                              FAC      FAC       54     1F58       0
                text47                              D33      D33       29     1A66       0
                text46                              8CB      8CB        7     1196       0
                text45                              1B1      1B1       C8        8       0
                text44                              D5C      D5C       29     1AB8       0
                text43                              C04      C04       1E     1808       0
                text42                              88C      88C        1     1118       0
                text41                              9BA      9BA       12     1374       0
                text40                              8E1      8E1        8     11C2       0
                text39                              B3B      B3B       17     1676       0
                text38                              C22      C22       1E     1844       0
                text37                              C40      C40       1E     1880       0
                text36                              8AC      8AC        6     1158       0
                text35                              C7F      C7F       21     18FE       0
                text34                              899      899        4     1132       0
                text33                              964      964       10     12C8       0
                text32                              88E      88E        3     111C       0
                text31                              AB7      AB7       15     156E       0
                text30                              B52      B52       17     16A4       0
                text29                              949      949        C     1292       0
                text28                              8F1      8F1        9     11E2       0
                text27                              339      339       B3        8       0
                text26                              E2F      E2F       2E     1C5E       0
                text25                              88D      88D        1     111A       0
                text24                               66       66      14B        8       0
                text23                              CE5      CE5       26     19CA       0
                text22                              DD8      DD8       2B     1BB0       0
                text21                              9CC      9CC       12     1398       0
                text20                              279      279       C0        8       0
                text19                              A03      A03       13     1406       0
                text18                              8D2      8D2        7     11A4       0
                text17                              9DE      9DE       12     13BC       0
                text16                              D0B      D0B       28     1A16       0
                text15                              8A1      8A1        5     1142       0
                text14                              89D      89D        4     113A       0
                text13                                2        2        2        0       0
                text12                              DAE      DAE       2A     1B5C       0
                text11                              CC2      CC2       23     1984       0
                text10                              8FA      8FA        9     11F4       0
                text9                               903      903        9     1206       0
                text8                               90C      90C        9     1218       0
                text7                               915      915        9     122A       0
                text6                               8B2      8B2        6     1164       0
                text5                               ECB      ECB       42     1D96       0
                text4                               91E      91E        9     123C       0
                text3                               D85      D85       29     1B0A       0
                text2                               8E9      8E9        8     11D2       0
                text1                               A16      A16       13     142C       0
                maintext                            932      932        B     1264       0
                cstackBANK0                          4C       4C       16       20       1
                cstackCOMMON                         70       70        D       70       1
                clrtext                             8B8      8B8        6     1170       0
                inittext                            8BE      8BE        6     117C       0
                dataBANK1                            C0       C0       19       A0       1
                bssBANK1                             A0       A0       20       A0       1
                dataBANK0                            62       62        9       20       1
                bssBANK0                             20       20       2C       20       1
                bssCOMMON                            7D       7D        1       70       1
                nvBANK1                              D9       D9        8       A0       1
                nvBANK0                              6B       6B        4       20       1
                stringtext2                        1010     1010        9     2000       0
                stringtext1                        1000     1000       10     2000       0
                idataBANK1                          BB4      BB4       19     1768       0
                idataBANK0                          7F7      7F7        9        8       0

TOTAL           Name                               Link     Load   Length     Space
        CLASS   CODE           
                end_init                             37       37        2         0
                cinit                                39       39       2D         0
                intentry                              4        4       33         0
                reset_vec                             0        0        2         0
                text97                              9F0      9F0       13         0
                text96                              93D      93D        C         0
                text95                              8D9      8D9        8         0
                text94                              974      974       11         0
                text93                              526      526       8D         0
                text92                              8C4      8C4        7         0
                text91                              A8D      A8D       15         0
                text90                              A29      A29       14         0
                text89                              A3D      A3D       14         0
                text88                              B24      B24       17         0
                text87                              927      927        B         0
                text86                              3EC      3EC       A3         0
                text85                              6C6      6C6       7A         0
                text84                              8A6      8A6        6         0
                text83                              889      889        1         0
                text82                              955      955        F         0
                text81                              B69      B69       19         0
                text80                              891      891        4         0
                text79                              88A      88A        1         0
                text78                              895      895        4         0
                text77                              E8E      E8E       3D         0
                text76                              CA0      CA0       22         0
                text74                              63D      63D       89         0
                text73                              ACC      ACC       16         0
                text72                              B82      B82       19         0
                text71                              F0D      F0D       4D         0
                text70                              996      996       12         0
                text69                              E03      E03       2C         0
                text68                              5B3      5B3       8A         0
                text67                              88B      88B        1         0
                text66                              9A8      9A8       12         0
                text65                              E5D      E5D       31         0
                text64                              79F      79F       58         0
                text63                              740      740       5F         0
                text62                              48F      48F       97         0
                text61                              B9B      B9B       19         0
                text60                              AA2      AA2       15         0
                text59                              F5A      F5A       52         0
                text58                              985      985       11         0
                text57                              C5E      C5E       21         0
                text56                              A51      A51       14         0
                text55                              AE2      AE2       16         0
                text54                              BCD      BCD       1A         0
                text53                              AF8      AF8       16         0
                text52                              B0E      B0E       16         0
                text51                              BE7      BE7       1D         0
                text50                              A65      A65       14         0
                text49                              A79      A79       14         0
                text48                              FAC      FAC       54         0
                text47                              D33      D33       29         0
                text46                              8CB      8CB        7         0
                text45                              1B1      1B1       C8         0
                text44                              D5C      D5C       29         0
                text43                              C04      C04       1E         0
                text42                              88C      88C        1         0
                text41                              9BA      9BA       12         0
                text40                              8E1      8E1        8         0
                text39                              B3B      B3B       17         0
                text38                              C22      C22       1E         0
                text37                              C40      C40       1E         0
                text36                              8AC      8AC        6         0
                text35                              C7F      C7F       21         0
                text34                              899      899        4         0
                text33                              964      964       10         0
                text32                              88E      88E        3         0
                text31                              AB7      AB7       15         0
                text30                              B52      B52       17         0
                text29                              949      949        C         0
                text28                              8F1      8F1        9         0
                text27                              339      339       B3         0
                text26                              E2F      E2F       2E         0
                text25                              88D      88D        1         0
                text24                               66       66      14B         0
                text23                              CE5      CE5       26         0
                text22                              DD8      DD8       2B         0
                text21                              9CC      9CC       12         0
                text20                              279      279       C0         0
                text19                              A03      A03       13         0
                text18                              8D2      8D2        7         0
                text17                              9DE      9DE       12         0
                text16                              D0B      D0B       28         0
                text15                              8A1      8A1        5         0
                text14                              89D      89D        4         0
                text13                                2        2        2         0
                text12                              DAE      DAE       2A         0
                text11                              CC2      CC2       23         0
                text10                              8FA      8FA        9         0
                text9                               903      903        9         0
                text8                               90C      90C        9         0
                text7                               915      915        9         0
                text6                               8B2      8B2        6         0
                text5                               ECB      ECB       42         0
                text4                               91E      91E        9         0
                text3                               D85      D85       29         0
                text2                               8E9      8E9        8         0
                text1                               A16      A16       13         0
                maintext                            932      932        B         0
                clrtext                             8B8      8B8        6         0
                inittext                            8BE      8BE        6         0
                idataBANK1                          BB4      BB4       19         0
                idataBANK0                          7F7      7F7        9         0

        CLASS   STRCODE        
                stringtext2                        1010     1010        9         0
                stringtext1                        1000     1000       10         0

        CLASS   STRING         

        CLASS   CONST          

        CLASS   ENTRY          

        CLASS   COMMON         
                cstackCOMMON                         70       70        D         1
                bssCOMMON                            7D       7D        1         1

        CLASS   BANK0          
                cstackBANK0                          4C       4C       16         1
                dataBANK0                            62       62        9         1
                bssBANK0                             20       20       2C         1
                nvBANK0                              6B       6B        4         1

        CLASS   BANK1          
                dataBANK1                            C0       C0       19         1
                bssBANK1                             A0       A0       20         1
                nvBANK1                              D9       D9        8         1

        CLASS   BANK2          

        CLASS   BANK3          

        CLASS   BANK4          

        CLASS   BANK5          

        CLASS   BANK6          

        CLASS   BANK7          

        CLASS   BANK8          

        CLASS   BANK9          

        CLASS   BANK10         

        CLASS   BANK11         

        CLASS   BANK12         

        CLASS   BIGRAM         

        CLASS   RAM            

        CLASS   ABS1           
                abs_s1                               7E       7E        2         1

        CLASS   SFR0           

        CLASS   SFR1           

        CLASS   SFR2           

        CLASS   SFR3           

        CLASS   SFR4           

        CLASS   SFR5           

        CLASS   SFR6           

        CLASS   SFR7           

        CLASS   SFR8           

        CLASS   SFR9           

        CLASS   SFR10          

        CLASS   SFR11          

        CLASS   SFR12          

        CLASS   SFR13          

        CLASS   SFR14          

        CLASS   SFR15          

        CLASS   SFR16          

        CLASS   SFR17          

        CLASS   SFR18          

        CLASS   SFR19          

        CLASS   SFR20          

        CLASS   SFR21          

        CLASS   SFR22          

        CLASS   SFR23          

        CLASS   SFR24          

        CLASS   SFR25          

        CLASS   SFR26          

        CLASS   SFR27          

        CLASS   SFR28          

        CLASS   SFR29          

        CLASS   SFR30          

        CLASS   SFR31          

        CLASS   CONFIG         
                config                             8007     8007        5         4

        CLASS   IDLOC          

        CLASS   EEDATA         

        CLASS   BANK31         

        CLASS   BANK30         

        CLASS   BANK29         

        CLASS   BANK28         

        CLASS   BANK27         

        CLASS   BANK26         

        CLASS   BANK25         

        CLASS   BANK24         

        CLASS   BANK23         

        CLASS   BANK22         

        CLASS   BANK21         

        CLASS   BANK20         

        CLASS   BANK19         

        CLASS   BANK18         

        CLASS   BANK17         

        CLASS   BANK16         

        CLASS   BANK15         

        CLASS   BANK14         

        CLASS   BANK13         

        CLASS   HEAP           

        CLASS   STACK          



SEGMENTS        Name                           Load    Length   Top    Selector   Space  Class     Delta

                reset_vec                      000000  000004  000004         0       0  CODE        2
                intentry                       000004  0007FC  000800         8       0  CODE        2
                bssBANK0                       000020  00004F  00006F        20       1  BANK0       1
                cstackCOMMON                   000070  00000E  00007E        70       1  COMMON      1
                bssBANK1                       0000A0  000041  0000E1        A0       1  BANK1       1
                text83                         000889  000001  00088A      1112       0  CODE        2
                text79                         00088A  000001  00088B      1114       0  CODE        2
                text67                         00088B  000001  00088C      1116       0  CODE        2
                text42                         00088C  000001  00088D      1118       0  CODE        2
                text25                         00088D  000001  00088E      111A       0  CODE        2
                text32                         00088E  000003  000891      111C       0  CODE        2
                text80                         000891  000004  000895      1122       0  CODE        2
                text78                         000895  000004  000899      112A       0  CODE        2
                text34                         000899  000004  00089D      1132       0  CODE        2
                text14                         00089D  000004  0008A1      113A       0  CODE        2
                text15                         0008A1  000005  0008A6      1142       0  CODE        2
                text84                         0008A6  000006  0008AC      114C       0  CODE        2
                text36                         0008AC  000006  0008B2      1158       0  CODE        2
                text6                          0008B2  000006  0008B8      1164       0  CODE        2
                clrtext                        0008B8  000006  0008BE      1170       0  CODE        2
                inittext                       0008BE  000006  0008C4      117C       0  CODE        2
                text92                         0008C4  000007  0008CB      1188       0  CODE        2
                text46                         0008CB  000007  0008D2      1196       0  CODE        2
                text18                         0008D2  000007  0008D9      11A4       0  CODE        2
                text95                         0008D9  000008  0008E1      11B2       0  CODE        2
                text40                         0008E1  000008  0008E9      11C2       0  CODE        2
                text2                          0008E9  000008  0008F1      11D2       0  CODE        2
                text28                         0008F1  000009  0008FA      11E2       0  CODE        2
                text10                         0008FA  000009  000903      11F4       0  CODE        2
                text9                          000903  000009  00090C      1206       0  CODE        2
                text8                          00090C  000009  000915      1218       0  CODE        2
                text7                          000915  000009  00091E      122A       0  CODE        2
                text4                          00091E  000009  000927      123C       0  CODE        2
                text87                         000927  00000B  000932      124E       0  CODE        2
                maintext                       000932  00000B  00093D      1264       0  CODE        2
                text96                         00093D  00000C  000949      127A       0  CODE        2
                text29                         000949  00000C  000955      1292       0  CODE        2
                text82                         000955  00000F  000964      12AA       0  CODE        2
                text33                         000964  000010  000974      12C8       0  CODE        2
                text94                         000974  000011  000985      12E8       0  CODE        2
                text58                         000985  000011  000996      130A       0  CODE        2
                text70                         000996  000012  0009A8      132C       0  CODE        2
                text66                         0009A8  000012  0009BA      1350       0  CODE        2
                text41                         0009BA  000012  0009CC      1374       0  CODE        2
                text21                         0009CC  000012  0009DE      1398       0  CODE        2
                text17                         0009DE  000012  0009F0      13BC       0  CODE        2
                text97                         0009F0  000013  000A03      13E0       0  CODE        2
                text19                         000A03  000013  000A16      1406       0  CODE        2
                text1                          000A16  000013  000A29      142C       0  CODE        2
                text90                         000A29  000014  000A3D      1452       0  CODE        2
                text89                         000A3D  000014  000A51      147A       0  CODE        2
                text56                         000A51  000014  000A65      14A2       0  CODE        2
                text50                         000A65  000014  000A79      14CA       0  CODE        2
                text49                         000A79  000014  000A8D      14F2       0  CODE        2
                text91                         000A8D  000015  000AA2      151A       0  CODE        2
                text60                         000AA2  000015  000AB7      1544       0  CODE        2
                text31                         000AB7  000015  000ACC      156E       0  CODE        2
                text73                         000ACC  000016  000AE2      1598       0  CODE        2
                text55                         000AE2  000016  000AF8      15C4       0  CODE        2
                text53                         000AF8  000016  000B0E      15F0       0  CODE        2
                text52                         000B0E  000016  000B24      161C       0  CODE        2
                text88                         000B24  000017  000B3B      1648       0  CODE        2
                text39                         000B3B  000017  000B52      1676       0  CODE        2
                text30                         000B52  000017  000B69      16A4       0  CODE        2
                text81                         000B69  000019  000B82      16D2       0  CODE        2
                text72                         000B82  000019  000B9B      1704       0  CODE        2
                text61                         000B9B  000019  000BB4      1736       0  CODE        2
                idataBANK1                     000BB4  000019  000BCD      1768       0  CODE        2
                text54                         000BCD  00001A  000BE7      179A       0  CODE        2
                text51                         000BE7  00001D  000C04      17CE       0  CODE        2
                text43                         000C04  00001E  000C22      1808       0  CODE        2
                text38                         000C22  00001E  000C40      1844       0  CODE        2
                text37                         000C40  00001E  000C5E      1880       0  CODE        2
                text57                         000C5E  000021  000C7F      18BC       0  CODE        2
                text35                         000C7F  000021  000CA0      18FE       0  CODE        2
                text76                         000CA0  000022  000CC2      1940       0  CODE        2
                text11                         000CC2  000023  000CE5      1984       0  CODE        2
                text23                         000CE5  000026  000D0B      19CA       0  CODE        2
                text16                         000D0B  000028  000D33      1A16       0  CODE        2
                text47                         000D33  000029  000D5C      1A66       0  CODE        2
                text44                         000D5C  000029  000D85      1AB8       0  CODE        2
                text3                          000D85  000029  000DAE      1B0A       0  CODE        2
                text12                         000DAE  00002A  000DD8      1B5C       0  CODE        2
                text22                         000DD8  00002B  000E03      1BB0       0  CODE        2
                text69                         000E03  00002C  000E2F      1C06       0  CODE        2
                text26                         000E2F  00002E  000E5D      1C5E       0  CODE        2
                text65                         000E5D  000031  000E8E      1CBA       0  CODE        2
                text77                         000E8E  00003D  000ECB      1D1C       0  CODE        2
                text5                          000ECB  000042  000F0D      1D96       0  CODE        2
                text71                         000F0D  00004D  000F5A      1E1A       0  CODE        2
                text59                         000F5A  000052  000FAC      1EB4       0  CODE        2
                text48                         000FAC  000054  001000      1F58       0  CODE        2
                stringtext1                    001000  000019  001019      2000       0  STRCODE     2


UNUSED ADDRESS RANGES

        Name                Unused          Largest block    Delta
        BANK0            0006F-0006F               1           1
        BANK1            000E1-000EF               F           1
        BANK10           00520-0056F              50           1
        BANK11           005A0-005EF              50           1
        BANK12           00620-0064F              30           1
        BANK2            00120-0016F              50           1
        BANK3            001A0-001EF              50           1
        BANK4            00220-0026F              50           1
        BANK5            002A0-002EF              50           1
        BANK6            00320-0036F              50           1
        BANK7            003A0-003EF              50           1
        BANK8            00420-0046F              50           1
        BANK9            004A0-004EF              50           1
        BIGRAM           02000-023EF             3F0           1
        CODE             00800-00888              89           2
                         01019-01FFF             7E7
        CONST            00800-00888              89           2
                         01019-01FFF             100
        EEDATA           0F000-0F0FF             100           2
        ENTRY            00800-00888              89           2
                         01019-01FFF             100
        IDLOC            08000-08003               4           2
        RAM              0006F-0006F               1           1
                         000E1-000EF               F
                         00120-0016F              50
                         001A0-001EF              50
                         00220-0026F              50
                         002A0-002EF              50
                         00320-0036F              50
                         003A0-003EF              50
                         00420-0046F              50
                         004A0-004EF              50
                         00520-0056F              50
                         005A0-005EF              50
                         00620-0064F              30
        SFR0             00000-0001F              20           1
        SFR1             00080-0009F              20           1
        SFR10            00500-0051F              20           1
        SFR11            00580-0059F              20           1
        SFR12            00600-0061F              20           1
        SFR13            00680-006EF              70           1
        SFR14            00700-0076F              70           1
        SFR15            00780-007EF              70           1
        SFR16            00800-0086F              70           1
        SFR17            00880-008EF              70           1
        SFR18            00900-0096F              70           1
        SFR19            00980-009EF              70           1
        SFR2             00100-0011F              20           1
        SFR20            00A00-00A6F              70           1
        SFR21            00A80-00AEF              70           1
        SFR22            00B00-00B6F              70           1
        SFR23            00B80-00BEF              70           1
        SFR24            00C00-00C6F              70           1
        SFR25            00C80-00CEF              70           1
        SFR26            00D00-00D6F              70           1
        SFR27            00D80-00DEF              70           1
        SFR28            00E00-00E6F              70           1
        SFR29            00E80-00EEF              70           1
        SFR3             00180-0019F              20           1
        SFR30            00F00-00F6F              70           1
        SFR31            00F80-00FEF              70           1
        SFR4             00200-0021F              20           1
        SFR5             00280-0029F              20           1
        SFR6             00300-0031F              20           1
        SFR7             00380-0039F              20           1
        SFR8             00400-0041F              20           1
        SFR9             00480-0049F              20           1
        STRCODE          00800-00888              89           2
                         01019-01FFF             FE7
        STRING           00800-00888              89           2
                         01019-01FFF             100

                                  Symbol Table

?_Button_Baseline_Get_helper                                      cstackBANK0  0004C
?_MTOUCH_Button_Baseline_Get                                      cstackBANK0  00054
?_MTOUCH_Button_Reading_Get                                       cstackBANK0  0004C
?_MTOUCH_Sensor_RawSample_Get                                     cstackBANK0  00050
?___awmod                                                         cstackBANK0  0004C
?_abs                                                             cstackBANK0  00050
?_medianFilter                                                    cstackBANK0  00050
?i1_abs                                                           cstackCOMMON 00070
ADCC_SetADTIInterruptHandler@InterruptHandler                     cstackBANK0  0004C
Button_Baseline_Get_helper@name                                   cstackBANK0  00053
Button_Baseline_Initialize@button                                 cstackBANK0  00057
Button_Baseline_Update@button                                     cstackBANK0  00052
Button_DefaultCallback@button                                     cstackBANK0  0004C
Button_Deviation_Update@button                                    cstackBANK0  00056
Button_Deviation_Update@deviation                                 cstackBANK0  00057
Button_Reading_Update@button                                      cstackBANK0  00056
Button_Reading_Update_Helper@button                               cstackBANK0  00055
Button_Service@button                                             cstackBANK0  0005F
Button_Service@name                                               cstackBANK0  0005E
Button_State_Initializing@button                                  cstackBANK0  00058
Button_State_NotPressed@button                                    cstackBANK0  00058
Button_State_Pressed@button                                       cstackBANK0  00058
Button_Tick_helper@button                                         cstackBANK0  0004E
EUSART_SetErrorHandler@interruptHandler                           cstackBANK0  0004C
EUSART_SetFramingErrorHandler@interruptHandler                    cstackBANK0  0004C
EUSART_SetOverrunErrorHandler@interruptHandler                    cstackBANK0  0004C
EUSART_SetRxInterruptHandler@interruptHandler                     cstackBANK0  0004C
EUSART_SetTxInterruptHandler@interruptHandler                     cstackBANK0  0004C
EUSART_Write@txData                                               cstackBANK0  0004D
MTOUCH_Button_Baseline_Get@name                                   cstackBANK0  00056
MTOUCH_Button_Deviation_Get@name                                  cstackBANK0  0004D
MTOUCH_Button_Initialize@button                                   cstackBANK0  00053
MTOUCH_Button_Initialize@name                                     cstackBANK0  00052
MTOUCH_Button_InitializeAll@button                                cstackBANK0  00057
MTOUCH_Button_Reading_Get@name                                    cstackBANK0  0004F
MTOUCH_Button_Scaling_Get@name                                    cstackBANK0  0004D
MTOUCH_Button_ServiceAll@button                                   cstackBANK0  00061
MTOUCH_Button_Threshold_Get@name                                  cstackBANK0  0004D
MTOUCH_Button_isPressed@name                                      cstackBANK0  0004D
MTOUCH_DataStreamer_Service@count_bytes_out                       cstackBANK0  0005C
MTOUCH_DataStreamer_Service@i                                     cstackBANK0  00059
MTOUCH_DataStreamer_Service@sequence                              bssBANK0     00039
MTOUCH_DataStreamer_Service@u16temp_output                        cstackBANK0  0005A
MTOUCH_Sensor_AcquisitionTime_Get@name                            cstackBANK0  00050
MTOUCH_Sensor_AdditionalCap_Get@name                              cstackBANK0  00050
MTOUCH_Sensor_Calibrate@sensor                                    cstackBANK0  00050
MTOUCH_Sensor_Enable@sensor                                       cstackBANK0  00050
MTOUCH_Sensor_Initialize@sensor                                   cstackBANK0  00051
MTOUCH_Sensor_InitializeAll@sensor                                cstackBANK0  00057
MTOUCH_Sensor_RawSample_Get@name                                  cstackBANK0  00052
MTOUCH_Sensor_Sampled_ResetAll@sensor                             cstackBANK0  0004E
MTOUCH_Sensor_Service@sensor                                      cstackCOMMON 0007C
MTOUCH_Sensor_isCalibrated@sensor                                 cstackBANK0  00051
MTOUCH_Sensor_isEnabled@sensor                                    cstackBANK0  00050
MTOUCH_Sensor_isSamplingComplete@sensor                           cstackBANK0  00057
MTOUCH_Sensor_postAcquisitionProcess@name                         cstackBANK0  0005B
MTOUCH_Sensor_wasSampled@sensor                                   cstackBANK0  00050
Sensor_DefaultCallback@sensor                                     cstackBANK0  0004C
Sensor_FrequencyHopping_Autotune_Process@frequencyIndex           cstackBANK0  0005E
Sensor_FrequencyHopping_Autotune_Process@maxVariance              cstackBANK0  0005A
Sensor_FrequencyHopping_Autotune_Process@newfrequencyFound        cstackBANK0  00057
Sensor_FrequencyHopping_Autotune_Process@selectedFrequency        cstackBANK0  0005D
Sensor_FrequencyHopping_Autotune_Process@sensor                   cstackBANK0  0005C
Sensor_FrequencyHopping_Autotune_Process@variance                 cstackBANK0  00058
Sensor_FrequencyHopping_Autotune_Process@varianceOverLimitCounter bssBANK0     0002E
Sensor_RawSample_Update@result                                    cstackBANK0  00057
Sensor_RawSample_Update@sensor                                    cstackBANK0  00059
Sensor_Sampled_Reset@sensor                                       cstackBANK0  0004C
Sensor_SetTrisBit@TrisBit                                         cstackBANK0  0004C
Sensor_SetTrisBit@sensor                                          cstackBANK0  0004F
Sensor_autoCalibration@name                                       cstackCOMMON 00078
Sensor_autoCalibration@sensor                                     cstackCOMMON 00079
Sensor_isCalibrated@sensor                                        cstackBANK0  0004D
Sensor_isCalibratingAcqTime@sensor                                cstackBANK0  0004C
Sensor_scheduleNextScan@sensor                                    cstackBANK0  00055
Sensor_scheduleNextScan@skipScan                                  cstackBANK0  00054
Sensor_scheduleNextScan@state                                     cstackBANK0  00053
Sensor_setCalibratAcqTime@sensor                                  cstackCOMMON 00070
Sensor_setCalibrated@sensor                                       cstackCOMMON 00070
Sensor_setSampled@sensor                                          cstackCOMMON 00070
_ADACC                                                            (abs)        00090
_ADACCH                                                           (abs)        00091
_ADACCL                                                           (abs)        00090
_ADACQ                                                            (abs)        0009D
_ADACT                                                            (abs)        00099
_ADCAP                                                            (abs)        0009B
_ADCC_ADTI_InterruptHandler                                       nvBANK0      0006B
_ADCC_DefaultInterruptHandler                                     text83       00889
_ADCC_Initialize                                                  text11       00CC2
_ADCC_SetADTIInterruptHandler                                     text36       008AC
_ADCC_ThresholdISR                                                text82       00955
_ADCC_ThresholdISR_mTouch                                         text84       008A6
_ADCLK                                                            (abs)        00098
_ADCNT                                                            (abs)        0010C
_ADCON0                                                           (abs)        00093
_ADCON0bits                                                       (abs)        00093
_ADCON1                                                           (abs)        00094
_ADCON1bits                                                       (abs)        00094
_ADCON2                                                           (abs)        00095
_ADCON2bits                                                       (abs)        00095
_ADCON3                                                           (abs)        00096
_ADCON3bits                                                       (abs)        00096
_ADERRH                                                           (abs)        00117
_ADERRL                                                           (abs)        00116
_ADFLTR                                                           (abs)        00114
_ADFLTRH                                                          (abs)        00115
_ADFLTRL                                                          (abs)        00114
_ADLTHH                                                           (abs)        0010F
_ADLTHL                                                           (abs)        0010E
_ADPCH                                                            (abs)        0009E
_ADPRE                                                            (abs)        0009C
_ADPREVH                                                          (abs)        0008F
_ADPREVL                                                          (abs)        0008E
_ADREF                                                            (abs)        0009A
_ADRESH                                                           (abs)        0008D
_ADRESL                                                           (abs)        0008C
_ADRPT                                                            (abs)        0010D
_ADSTAT                                                           (abs)        00097
_ADSTATbits                                                       (abs)        00097
_ADSTPTH                                                          (abs)        00113
_ADSTPTL                                                          (abs)        00112
_ADUTHH                                                           (abs)        00111
_ADUTHL                                                           (abs)        00110
_ANSELA                                                           (abs)        00F38
_ANSELB                                                           (abs)        00F43
_ANSELC                                                           (abs)        00F4E
_BAUD1CON                                                         (abs)        0011F
_Button_Baseline_Get_helper                                       text57       00C5E
_Button_Baseline_Initialize                                       text69       00E03
_Button_Baseline_Update                                           text68       005B3
_Button_DefaultCallback                                           text67       0088B
_Button_Deviation_Update                                          text74       0063D
_Button_Reading_Update                                            text70       00996
_Button_Reading_Update_Helper                                     text71       00F0D
_Button_Service                                                   text59       00F5A
_Button_StateMachine                                              dataBANK1    000D3
_Button_State_Initializing                                        text63       00740
_Button_State_NotPressed                                          text62       0048F
_Button_State_Pressed                                             text64       0079F
_Button_Tick_helper                                               text16       00D0B
_EUSART_DefaultErrorHandler                                       text80       00891
_EUSART_DefaultFramingErrorHandler                                text79       0088A
_EUSART_DefaultOverrunErrorHandler                                text78       00895
_EUSART_ErrorHandler                                              nvBANK1      000D9
_EUSART_FramingErrorHandler                                       nvBANK1      000DD
_EUSART_Initialize                                                text5        00ECB
_EUSART_OverrunErrorHandler                                       nvBANK1      000DB
_EUSART_Receive_ISR                                               text77       00E8E
_EUSART_RxDataHandler                                             text81       00B69
_EUSART_RxDefaultInterruptHandler                                 nvBANK1      000DF
_EUSART_SetErrorHandler                                           text10       008FA
_EUSART_SetFramingErrorHandler                                    text9        00903
_EUSART_SetOverrunErrorHandler                                    text8        0090C
_EUSART_SetRxInterruptHandler                                     text7        00915
_EUSART_SetTxInterruptHandler                                     text6        008B2
_EUSART_Transmit_ISR                                              text76       00CA0
_EUSART_TxDefaultInterruptHandler                                 nvBANK0      0006D
_EUSART_Write                                                     text47       00D33
_GIE                                                              (abs)        0005F
_INLVLA                                                           (abs)        00F3C
_INLVLB                                                           (abs)        00F47
_INLVLC                                                           (abs)        00F52
_INLVLE                                                           (abs)        00F68
_INTCONbits                                                       (abs)        0000B
_INTERRUPT_InterruptManager                                       intentry     00004
_LATA                                                             (abs)        00016
_LATB                                                             (abs)        00017
_LATC                                                             (abs)        00018
_MTOUCH_Button_Baseline_Get                                       text56       00A51
_MTOUCH_Button_Deviation_Get                                      text55       00AE2
_MTOUCH_Button_Initialize                                         text65       00E5D
_MTOUCH_Button_InitializeAll                                      text43       00C04
_MTOUCH_Button_Reading_Get                                        text54       00BCD
_MTOUCH_Button_Scaling_Get                                        text53       00AF8
_MTOUCH_Button_ServiceAll                                         text58       00985
_MTOUCH_Button_Threshold_Get                                      text52       00B0E
_MTOUCH_Button_Tick                                               text15       008A1
_MTOUCH_Button_isPressed                                          text51       00BE7
_MTOUCH_DataStreamer_Initialize                                   text42       0088C
_MTOUCH_DataStreamer_Service                                      text45       001B1
_MTOUCH_Initialize                                                text33       00964
_MTOUCH_Sensor_ADCC_Initialize                                    text35       00C7F
_MTOUCH_Sensor_AcquisitionTime_Get                                text50       00A65
_MTOUCH_Sensor_AdditionalCap_Get                                  text49       00A79
_MTOUCH_Sensor_Calibrate                                          text66       009A8
_MTOUCH_Sensor_Enable                                             text41       009BA
_MTOUCH_Sensor_Initialize                                         text39       00B3B
_MTOUCH_Sensor_InitializeAll                                      text38       00C22
_MTOUCH_Sensor_RawSample_Get                                      text72       00B82
_MTOUCH_Sensor_SampleAll                                          text17       009DE
_MTOUCH_Sensor_Sampled_ResetAll                                   text37       00C40
_MTOUCH_Sensor_Scan_Initialize                                    text34       00899
_MTOUCH_Sensor_Service                                            text85       006C6
_MTOUCH_Sensor_isCalibrated                                       text61       00B9B
_MTOUCH_Sensor_isEnabled                                          text31       00AB7
_MTOUCH_Sensor_isSampling                                         text32       0088E
_MTOUCH_Sensor_isSamplingComplete                                 text26       00E2F
_MTOUCH_Sensor_postAcquisitionProcess                             text22       00DD8
_MTOUCH_Sensor_wasSampled                                         text60       00AA2
_MTOUCH_Service_Mainloop                                          text12       00DAE
_MTOUCH_Tick                                                      text14       0089D
_MTOUCH_needReburst                                               text13       00002
_ODCONA                                                           (abs)        00F3A
_ODCONB                                                           (abs)        00F45
_ODCONC                                                           (abs)        00F50
_OSCCON1                                                          (abs)        0088D
_OSCCON3                                                          (abs)        0088F
_OSCEN                                                            (abs)        00891
_OSCFRQ                                                           (abs)        00893
_OSCILLATOR_Initialize                                            text4        0091E
_OSCTUNE                                                          (abs)        00892
_PIE1bits                                                         (abs)        00717
_PIE3bits                                                         (abs)        00719
_PIN_MANAGER_Initialize                                           text3        00D85
_PIR1bits                                                         (abs)        0070D
_PIR3bits                                                         (abs)        0070F
_PMD0                                                             (abs)        00796
_PMD1                                                             (abs)        00797
_PMD2                                                             (abs)        00798
_PMD3                                                             (abs)        00799
_PMD4                                                             (abs)        0079A
_PMD5                                                             (abs)        0079B
_PMD_Initialize                                                   text2        008E9
_RC1REG                                                           (abs)        00119
_RC1STA                                                           (abs)        0011D
_RC1STAbits                                                       (abs)        0011D
_RC7PPS                                                           (abs)        00F27
_SLRCONA                                                          (abs)        00F3B
_SLRCONB                                                          (abs)        00F46
_SLRCONC                                                          (abs)        00F51
_SP1BRGH                                                          (abs)        0011C
_SP1BRGL                                                          (abs)        0011B
_SYSTEM_Initialize                                                text1        00A16
_Sensor_DefaultCallback                                           text25       0088D
_Sensor_FrequencyHopping                                          text18       008D2
_Sensor_FrequencyHopping_Autotune_Process                         text20       00279
_Sensor_RawSample_Update                                          text23       00CE5
_Sensor_Sampled_Reset                                             text40       008E1
_Sensor_SetTrisBit                                                text30       00B52
_Sensor_autoCalibration                                           text93       00526
_Sensor_isCalibrated                                              text29       00949
_Sensor_isCalibratingAcqTime                                      text28       008F1
_Sensor_scheduleNextScan                                          text27       00339
_Sensor_setCalibratAcqTime                                        text97       009F0
_Sensor_setCalibrated                                             text96       0093D
_Sensor_setSamplePeriod                                           text19       00A03
_Sensor_setSampled                                                text92       008C4
_TRISA                                                            (abs)        00011
_TRISB                                                            (abs)        00012
_TRISC                                                            (abs)        00013
_TRISCbits                                                        (abs)        00013
_TX1REG                                                           (abs)        0011A
_TX1STA                                                           (abs)        0011E
_TX1STAbits                                                       (abs)        0011E
_WPUA                                                             (abs)        00F39
_WPUB                                                             (abs)        00F44
_WPUC                                                             (abs)        00F4F
_WPUE                                                             (abs)        00F65
__H__absolute__                                                   __absolute__ 00000
__Habs1                                                           abs1         00000
__Hbank0                                                          bank0        00000
__Hbank1                                                          bank1        00000
__Hbank10                                                         bank10       00000
__Hbank11                                                         bank11       00000
__Hbank12                                                         bank12       00000
__Hbank13                                                         bank13       00000
__Hbank14                                                         bank14       00000
__Hbank15                                                         bank15       00000
__Hbank16                                                         bank16       00000
__Hbank17                                                         bank17       00000
__Hbank18                                                         bank18       00000
__Hbank19                                                         bank19       00000
__Hbank2                                                          bank2        00000
__Hbank20                                                         bank20       00000
__Hbank21                                                         bank21       00000
__Hbank22                                                         bank22       00000
__Hbank23                                                         bank23       00000
__Hbank24                                                         bank24       00000
__Hbank25                                                         bank25       00000
__Hbank26                                                         bank26       00000
__Hbank27                                                         bank27       00000
__Hbank28                                                         bank28       00000
__Hbank29                                                         bank29       00000
__Hbank3                                                          bank3        00000
__Hbank30                                                         bank30       00000
__Hbank31                                                         bank31       00000
__Hbank4                                                          bank4        00000
__Hbank5                                                          bank5        00000
__Hbank6                                                          bank6        00000
__Hbank7                                                          bank7        00000
__Hbank8                                                          bank8        00000
__Hbank9                                                          bank9        00000
__Hbigram                                                         bigram       00000
__HbssBANK0                                                       bssBANK0     00000
__HbssBANK1                                                       bssBANK1     00000
__HbssCOMMON                                                      bssCOMMON    00000
__Hcinit                                                          cinit        00066
__Hclrtext                                                        clrtext      00000
__Hcode                                                           code         00000
__Hcommon                                                         common       00000
__Hconfig                                                         config       0800C
__HcstackBANK0                                                    cstackBANK0  00000
__HcstackCOMMON                                                   cstackCOMMON 00000
__HdataBANK0                                                      dataBANK0    00000
__HdataBANK1                                                      dataBANK1    00000
__Heeprom_data                                                    eeprom_data  00000
__Hend_init                                                       end_init     00039
__Hfunctab                                                        functab      00000
__Hheap                                                           heap         00000
__HidataBANK0                                                     idataBANK0   00000
__HidataBANK1                                                     idataBANK1   00000
__Hinit                                                           init         00037
__Hinittext                                                       inittext     00000
__Hintentry                                                       intentry     00037
__Hmaintext                                                       maintext     00000
__HnvBANK0                                                        nvBANK0      00000
__HnvBANK1                                                        nvBANK1      00000
__Hpowerup                                                        powerup      00000
__Hram                                                            ram          00000
__Hreset_vec                                                      reset_vec    00002
__Hsfr0                                                           sfr0         00000
__Hsfr1                                                           sfr1         00000
__Hsfr10                                                          sfr10        00000
__Hsfr11                                                          sfr11        00000
__Hsfr12                                                          sfr12        00000
__Hsfr13                                                          sfr13        00000
__Hsfr14                                                          sfr14        00000
__Hsfr15                                                          sfr15        00000
__Hsfr16                                                          sfr16        00000
__Hsfr17                                                          sfr17        00000
__Hsfr18                                                          sfr18        00000
__Hsfr19                                                          sfr19        00000
__Hsfr2                                                           sfr2         00000
__Hsfr20                                                          sfr20        00000
__Hsfr21                                                          sfr21        00000
__Hsfr22                                                          sfr22        00000
__Hsfr23                                                          sfr23        00000
__Hsfr24                                                          sfr24        00000
__Hsfr25                                                          sfr25        00000
__Hsfr26                                                          sfr26        00000
__Hsfr27                                                          sfr27        00000
__Hsfr28                                                          sfr28        00000
__Hsfr29                                                          sfr29        00000
__Hsfr3                                                           sfr3         00000
__Hsfr30                                                          sfr30        00000
__Hsfr31                                                          sfr31        00000
__Hsfr4                                                           sfr4         00000
__Hsfr5                                                           sfr5         00000
__Hsfr6                                                           sfr6         00000
__Hsfr7                                                           sfr7         00000
__Hsfr8                                                           sfr8         00000
__Hsfr9                                                           sfr9         00000
__Hsivt                                                           sivt         00037
__Hspace_0                                                        (abs)        01019
__Hspace_1                                                        (abs)        000E1
__Hspace_2                                                        (abs)        00000
__Hspace_3                                                        (abs)        00000
__Hspace_4                                                        (abs)        10013
__Hstack                                                          stack        00000
__Hstrings                                                        strings      00000
__Hstringtext1                                                    stringtext1  00000
__Hstringtext2                                                    stringtext2  00000
__Htext                                                           text         00000
__L__absolute__                                                   __absolute__ 00000
__Labs1                                                           abs1         00000
__Lbank0                                                          bank0        00000
__Lbank1                                                          bank1        00000
__Lbank10                                                         bank10       00000
__Lbank11                                                         bank11       00000
__Lbank12                                                         bank12       00000
__Lbank13                                                         bank13       00000
__Lbank14                                                         bank14       00000
__Lbank15                                                         bank15       00000
__Lbank16                                                         bank16       00000
__Lbank17                                                         bank17       00000
__Lbank18                                                         bank18       00000
__Lbank19                                                         bank19       00000
__Lbank2                                                          bank2        00000
__Lbank20                                                         bank20       00000
__Lbank21                                                         bank21       00000
__Lbank22                                                         bank22       00000
__Lbank23                                                         bank23       00000
__Lbank24                                                         bank24       00000
__Lbank25                                                         bank25       00000
__Lbank26                                                         bank26       00000
__Lbank27                                                         bank27       00000
__Lbank28                                                         bank28       00000
__Lbank29                                                         bank29       00000
__Lbank3                                                          bank3        00000
__Lbank30                                                         bank30       00000
__Lbank31                                                         bank31       00000
__Lbank4                                                          bank4        00000
__Lbank5                                                          bank5        00000
__Lbank6                                                          bank6        00000
__Lbank7                                                          bank7        00000
__Lbank8                                                          bank8        00000
__Lbank9                                                          bank9        00000
__Lbigram                                                         bigram       00000
__LbssBANK0                                                       bssBANK0     00000
__LbssBANK1                                                       bssBANK1     00000
__LbssCOMMON                                                      bssCOMMON    00000
__Lcinit                                                          cinit        00039
__Lclrtext                                                        clrtext      00000
__Lcode                                                           code         00000
__Lcommon                                                         common       00000
__Lconfig                                                         config       00000
__LcstackBANK0                                                    cstackBANK0  00000
__LcstackCOMMON                                                   cstackCOMMON 00000
__LdataBANK0                                                      dataBANK0    00000
__LdataBANK1                                                      dataBANK1    00000
__Leeprom_data                                                    eeprom_data  00000
__Lend_init                                                       end_init     00037
__Lfunctab                                                        functab      00000
__Lheap                                                           heap         00000
__LidataBANK0                                                     idataBANK0   00000
__LidataBANK1                                                     idataBANK1   00000
__Linit                                                           init         00037
__Linittext                                                       inittext     00000
__Lintentry                                                       intentry     00004
__Lmaintext                                                       maintext     00000
__LnvBANK0                                                        nvBANK0      00000
__LnvBANK1                                                        nvBANK1      00000
__Lpowerup                                                        powerup      00000
__Lram                                                            ram          00000
__Lreset_vec                                                      reset_vec    00000
__Lsfr0                                                           sfr0         00000
__Lsfr1                                                           sfr1         00000
__Lsfr10                                                          sfr10        00000
__Lsfr11                                                          sfr11        00000
__Lsfr12                                                          sfr12        00000
__Lsfr13                                                          sfr13        00000
__Lsfr14                                                          sfr14        00000
__Lsfr15                                                          sfr15        00000
__Lsfr16                                                          sfr16        00000
__Lsfr17                                                          sfr17        00000
__Lsfr18                                                          sfr18        00000
__Lsfr19                                                          sfr19        00000
__Lsfr2                                                           sfr2         00000
__Lsfr20                                                          sfr20        00000
__Lsfr21                                                          sfr21        00000
__Lsfr22                                                          sfr22        00000
__Lsfr23                                                          sfr23        00000
__Lsfr24                                                          sfr24        00000
__Lsfr25                                                          sfr25        00000
__Lsfr26                                                          sfr26        00000
__Lsfr27                                                          sfr27        00000
__Lsfr28                                                          sfr28        00000
__Lsfr29                                                          sfr29        00000
__Lsfr3                                                           sfr3         00000
__Lsfr30                                                          sfr30        00000
__Lsfr31                                                          sfr31        00000
__Lsfr4                                                           sfr4         00000
__Lsfr5                                                           sfr5         00000
__Lsfr6                                                           sfr6         00000
__Lsfr7                                                           sfr7         00000
__Lsfr8                                                           sfr8         00000
__Lsfr9                                                           sfr9         00000
__Lsivt                                                           sivt         00037
__Lspace_0                                                        (abs)        00000
__Lspace_1                                                        (abs)        00000
__Lspace_2                                                        (abs)        00000
__Lspace_3                                                        (abs)        00000
__Lspace_4                                                        (abs)        00000
__Lstack                                                          stack        00000
__Lstrings                                                        strings      00000
__Lstringtext1                                                    stringtext1  00000
__Lstringtext2                                                    stringtext2  00000
__Ltext                                                           text         00000
[...]
__ptext34                                                         text34       00899
__ptext35                                                         text35       00C7F
__ptext36                                                         text36       008AC
__ptext37                                                         text37       00C40
__ptext38                                                         text38       00C22
__ptext39                                                         text39       00B3B
__ptext4                                                          text4        0091E
__ptext40                                                         text40       008E1
__ptext41                                                         text41       009BA
__ptext42                                                         text42       0088C
__ptext43                                                         text43       00C04
__ptext44                                                         text44       00D5C
__ptext45                                                         text45       001B1
__ptext46                                                         text46       008CB
__ptext47                                                         text47       00D33
__ptext48                                                         text48       00FAC
__ptext49                                                         text49       00A79
__ptext5                                                          text5        00ECB
__ptext50                                                         text50       00A65
__ptext51                                                         text51       00BE7
__ptext52                                                         text52       00B0E
__ptext53                                                         text53       00AF8
__ptext54                                                         text54       00BCD
__ptext55                                                         text55       00AE2
__ptext56                                                         text56       00A51
__ptext57                                                         text57       00C5E
__ptext58                                                         text58       00985
__ptext59                                                         text59       00F5A
__ptext6                                                          text6        008B2
__ptext60                                                         text60       00AA2
__ptext61                                                         text61       00B9B
__ptext62                                                         text62       0048F
__ptext63                                                         text63       00740
__ptext64                                                         text64       0079F
__ptext65                                                         text65       00E5D
__ptext66                                                         text66       009A8
__ptext67                                                         text67       0088B
__ptext68                                                         text68       005B3
__ptext69                                                         text69       00E03
__ptext7                                                          text7        00915
__ptext70                                                         text70       00996
__ptext71                                                         text71       00F0D
__ptext72                                                         text72       00B82
__ptext73                                                         text73       00ACC
__ptext74                                                         text74       0063D
__ptext76                                                         text76       00CA0
__ptext77                                                         text77       00E8E
__ptext78                                                         text78       00895
__ptext79                                                         text79       0088A
__ptext8                                                          text8        0090C
__ptext80                                                         text80       00891
__ptext81                                                         text81       00B69
__ptext82                                                         text82       00955
__ptext83                                                         text83       00889
__ptext84                                                         text84       008A6
__ptext85                                                         text85       006C6
__ptext86                                                         text86       003EC
__ptext87                                                         text87       00927
__ptext88                                                         text88       00B24
__ptext89                                                         text89       00A3D
__ptext9                                                          text9        00903
__ptext90                                                         text90       00A29
__ptext91                                                         text91       00A8D
__ptext92                                                         text92       008C4
__ptext93                                                         text93       00526
__ptext94                                                         text94       00974
__ptext95                                                         text95       008D9
__ptext96                                                         text96       0093D
__ptext97                                                         text97       009F0
_abs                                                              text21       009CC
_callback_notPressed                                              dataBANK0    00067
_callback_pressed                                                 dataBANK0    00069
_callback_sampled                                                 dataBANK0    00065
_currentScanSensor                                                bssBANK0     00040
_data                                                             dataBANK1    000C0
_datastreamer_output_byte                                         text46       008CB
_eusartRxBuffer                                                   bssBANK1     000A0
_eusartRxCount                                                    bssBANK0     00034
_eusartRxHead                                                     bssBANK0     00035
_eusartRxLastError                                                bssBANK0     00033
_eusartRxStatusBuffer                                             bssBANK0     00020
_eusartRxTail                                                     bssCOMMON    0007D
_eusartTxBuffer                                                   bssBANK1     000A8
_eusartTxBufferRemaining                                          bssBANK0     00036
_eusartTxHead                                                     bssBANK0     00038
_eusartTxTail                                                     bssBANK0     00037
_freq_hop                                                         dataBANK0    00062
_freq_index                                                       bssBANK0     0003C
_lowpowerActivated                                                bssBANK0     0003D
_main                                                             maintext     00932
_medianFilter                                                     text24       00066
_memcpy                                                           text44       00D5C
_mtouch_button                                                    bssBANK1     000B0
_mtouch_button_init                                               stringtext1  01000
_mtouch_request_init                                              bssBANK0     00041
_mtouch_sensor                                                    bssBANK0     00043
_mtouch_sensor_init                                               stringtext2  01010
_mtouch_time_toScan                                               bssBANK0     00042
_packet_sample                                                    bssBANK0     00031
_sample_delay                                                     bssBANK0     0003B
_sampling_flag                                                    bssBANK0     0003F
_scanInterrupted                                                  bssBANK0     0003E
_sensor_medianBuffer                                              bssBANK0     00028
abs@a                                                             cstackBANK0  00050
btemp                                                             (abs)        0007E
clear_ram0                                                        clrtext      008B8
datastreamer_output_byte@data                                     cstackBANK0  0004E
end_of_initialization                                             cinit        00062
i1MTOUCH_Sensor_isEnabled@sensor                                  cstackCOMMON 00074
i1MTOUCH_Sensor_wasSampled@sensor                                 cstackCOMMON 00074
i1Sensor_SetTrisBit@TrisBit                                       cstackCOMMON 00070
i1Sensor_SetTrisBit@sensor                                        cstackCOMMON 00073
i1Sensor_isCalibrated@sensor                                      cstackCOMMON 00071
i1Sensor_isCalibratingAcqTime@sensor                              cstackCOMMON 00070
i1Sensor_scheduleNextScan@sensor                                  cstackCOMMON 00079
i1Sensor_scheduleNextScan@skipScan                                cstackCOMMON 00078
i1Sensor_scheduleNextScan@state                                   cstackCOMMON 00077
i1_MTOUCH_Sensor_isEnabled                                        text90       00A29
i1_MTOUCH_Sensor_wasSampled                                       text89       00A3D
i1_Sensor_SetTrisBit                                              text88       00B24
i1_Sensor_isCalibrated                                            text87       00927
i1_Sensor_isCalibratingAcqTime                                    text95       008D9
i1_Sensor_scheduleNextScan                                        text86       003EC
i1___bmul                                                         text91       00A8D
i1___bmul@multiplicand                                            cstackCOMMON 00070
i1___bmul@multiplier                                              cstackCOMMON 00073
i1___bmul@product                                                 cstackCOMMON 00072
i1_abs                                                            text94       00974
i1abs@a                                                           cstackCOMMON 00070
init_ram                                                          inittext     008BE
int$flags                                                         (abs)        0007E
intlevel0                                                         functab      00000
intlevel1                                                         functab      00000
intlevel2                                                         functab      00000
intlevel3                                                         functab      00000
intlevel4                                                         functab      00000
intlevel5                                                         functab      00000
medianFilter@bufferIndex                                          bssBANK0     0003A
medianFilter@sensor                                               cstackBANK0  00056
memcpy@d                                                          cstackBANK0  00054
memcpy@d1                                                         cstackBANK0  00055
memcpy@n                                                          cstackBANK0  0004E
memcpy@s                                                          cstackBANK0  00051
memcpy@s1                                                         cstackBANK0  0004C
memcpy@tmp                                                        cstackBANK0  00053
reset_vec                                                         reset_vec    00000
start                                                             init         00037
start_initialization                                              cinit        00039
wtemp0                                                            (abs)        0007E


MODULE INFORMATION

Module		Function		Class		Link	Load	Size
mcc_generated_files/mtouch/mtouch_button.c
		_Button_Deviation_Update		CODE           	063D	0000	137
		_MTOUCH_Button_isPressed		CODE           	0BE7	0000	29
		_MTOUCH_Button_Baseline_Get		CODE           	0A51	0000	20
		_MTOUCH_Button_Initialize		CODE           	0E5D	0000	49
		_Button_Tick_helper		CODE           	0D0B	0000	40
		_MTOUCH_Button_InitializeAll		CODE           	0C04	0000	30
		_Button_Baseline_Update		CODE           	05B3	0000	138
		_Button_State_Pressed		CODE           	079F	0000	88
		_Button_Reading_Update		CODE           	0996	0000	18
		_Button_DefaultCallback		CODE           	088B	0000	1
		_MTOUCH_Button_Threshold_Get		CODE           	0B0E	0000	22
		_MTOUCH_Button_Tick		CODE           	08A1	0000	5
		_MTOUCH_Button_Reading_Get		CODE           	0BCD	0000	26
		_Button_State_NotPressed		CODE           	048F	0000	151
		_Button_Baseline_Get_helper		CODE           	0C5E	0000	33
		_MTOUCH_Button_Scaling_Get		CODE           	0AF8	0000	22
		_MTOUCH_Button_Deviation_Get		CODE           	0AE2	0000	22
		_Button_Reading_Update_Helper		CODE           	0F0D	0000	77
		_Button_Service		CODE           	0F5A	0000	82
		_Button_State_Initializing		CODE           	0740	0000	95
		_MTOUCH_Button_ServiceAll		CODE           	0985	0000	17
		_Button_Baseline_Initialize		CODE           	0E03	0000	44

mcc_generated_files/mtouch/mtouch_button.c estimated size: 1146

mcc_generated_files/interrupt_manager.c
		_INTERRUPT_InterruptManager		CODE           	0004	0000	51

mcc_generated_files/interrupt_manager.c estimated size: 51

mcc_generated_files/mtouch/mtouch.c
		_MTOUCH_Tick   		CODE           	089D	0000	4
		_MTOUCH_Initialize		CODE           	0964	0000	16
		_MTOUCH_Service_Mainloop		CODE           	0DAE	0000	42
		_MTOUCH_needReburst		CODE           	0002	0000	2

mcc_generated_files/mtouch/mtouch.c estimated size: 64

C:\Program Files\Microchip\xc8\v2.46\pic\sources\c99\common\Umul8.c
		___bmul        		CODE           	0ACC	0000	22

C:\Program Files\Microchip\xc8\v2.46\pic\sources\c99\common\Umul8.c estimated size: 22

mcc_generated_files/pin_manager.c
		_PIN_MANAGER_Initialize		CODE           	0D85	0000	41

mcc_generated_files/pin_manager.c estimated size: 41

shared
		i1_Sensor_isCalibrated		CODE           	0927	0000	11
		i1_abs         		CODE           	0974	0000	17
		i1_Sensor_isCalibratingAcqTime		CODE           	08D9	0000	8
		__initialization		CODE           	0039	0000	41
		_mtouch_button_init		STRCODE        	1000	0000	16
		_mtouch_sensor_init		STRCODE        	1010	0000	9
		i1___bmul      		CODE           	0A8D	0000	21
		i1_Sensor_SetTrisBit		CODE           	0B24	0000	23
		i1_MTOUCH_Sensor_wasSampled		CODE           	0A3D	0000	20
		i1_MTOUCH_Sensor_isEnabled		CODE           	0A29	0000	20
		i1_Sensor_scheduleNextScan		CODE           	03EC	0000	163

shared estimated size: 349

mcc_generated_files/mtouch/mtouch_datastreamer.c
		_MTOUCH_DataStreamer_Service		CODE           	01B1	0000	200
		_datastreamer_output_byte		CODE           	08CB	0000	7
		_MTOUCH_DataStreamer_Initialize		CODE           	088C	0000	1

mcc_generated_files/mtouch/mtouch_datastreamer.c estimated size: 208

mcc_generated_files/mcc.c
		_PMD_Initialize		CODE           	08E9	0000	8
		_OSCILLATOR_Initialize		CODE           	091E	0000	9
		_SYSTEM_Initialize		CODE           	0A16	0000	19

mcc_generated_files/mcc.c estimated size: 36

C:\Program Files\Microchip\xc8\v2.46\pic\sources\c99\common\memcpy.c
		_memcpy        		CODE           	0D5C	0000	41

C:\Program Files\Microchip\xc8\v2.46\pic\sources\c99\common\memcpy.c estimated size: 41

C:\Program Files\Microchip\xc8\v2.46\pic\sources\c99\common\abs.c
		_abs           		CODE           	09CC	0000	18

C:\Program Files\Microchip\xc8\v2.46\pic\sources\c99\common\abs.c estimated size: 18

C:\Program Files\Microchip\xc8\v2.46\pic\sources\c99\common\awmod.c
		___awmod       		CODE           	0FAC	0000	84

C:\Program Files\Microchip\xc8\v2.46\pic\sources\c99\common\awmod.c estimated size: 84

mcc_generated_files/eusart.c
		_EUSART_SetRxInterruptHandler		CODE           	0915	0000	9
		_EUSART_SetTxInterruptHandler		CODE           	08B2	0000	6
		_EUSART_DefaultOverrunErrorHandler		CODE           	0895	0000	4
		_EUSART_Write  		CODE           	0D33	0000	41
		_EUSART_DefaultErrorHandler		CODE           	0891	0000	4
		_EUSART_Transmit_ISR		CODE           	0CA0	0000	34
		_EUSART_Initialize		CODE           	0ECB	0000	66
		_EUSART_SetFramingErrorHandler		CODE           	0903	0000	9
		_EUSART_SetErrorHandler		CODE           	08FA	0000	9
		_EUSART_SetOverrunErrorHandler		CODE           	090C	0000	9
		_EUSART_Receive_ISR		CODE           	0E8E	0000	61
		_EUSART_RxDataHandler		CODE           	0B69	0000	25
		_EUSART_DefaultFramingErrorHandler		CODE           	088A	0000	1

mcc_generated_files/eusart.c estimated size: 278

mcc_generated_files/adcc.c
		_ADCC_DefaultInterruptHandler		CODE           	0889	0000	1
		_ADCC_SetADTIInterruptHandler		CODE           	08AC	0000	6
		_ADCC_ThresholdISR		CODE           	0955	0000	15
		_ADCC_Initialize		CODE           	0CC2	0000	35

mcc_generated_files/adcc.c estimated size: 57

main.c
		_main          		CODE           	0932	0000	11

main.c estimated size: 11

mcc_generated_files/mtouch/mtouch_sensor.c
		_MTOUCH_Sensor_isSamplingComplete		CODE           	0E2F	0000	46
		_Sensor_setCalibrated		CODE           	093D	0000	12
		_MTOUCH_Sensor_isEnabled		CODE           	0AB7	0000	21
		_Sensor_FrequencyHopping_Autotune_Process		CODE           	0279	0000	192
		_Sensor_isCalibrated		CODE           	0949	0000	12
		_MTOUCH_Sensor_Initialize		CODE           	0B3B	0000	23
		_Sensor_scheduleNextScan		CODE           	0339	0000	179
		_Sensor_Sampled_Reset		CODE           	08E1	0000	8
		_MTOUCH_Sensor_InitializeAll		CODE           	0C22	0000	30
		_MTOUCH_Sensor_Service		CODE           	06C6	0000	122
		_Sensor_DefaultCallback		CODE           	088D	0000	1
		_MTOUCH_Sensor_ADCC_Initialize		CODE           	0C7F	0000	33
		_MTOUCH_Sensor_postAcquisitionProcess		CODE           	0DD8	0000	43
		_medianFilter  		CODE           	0066	0000	331
		_MTOUCH_Sensor_isCalibrated		CODE           	0B9B	0000	25
		_MTOUCH_Sensor_Calibrate		CODE           	09A8	0000	18
		_MTOUCH_Sensor_Sampled_ResetAll		CODE           	0C40	0000	30
		_MTOUCH_Sensor_Enable		CODE           	09BA	0000	18
		_Sensor_setSampled		CODE           	08C4	0000	7
		_Sensor_isCalibratingAcqTime		CODE           	08F1	0000	9
		_MTOUCH_Sensor_RawSample_Get		CODE           	0B82	0000	25
		_MTOUCH_Sensor_AdditionalCap_Get		CODE           	0A79	0000	20
		_MTOUCH_Sensor_SampleAll		CODE           	09DE	0000	18
		_MTOUCH_Sensor_AcquisitionTime_Get		CODE           	0A65	0000	20
		_MTOUCH_Sensor_wasSampled		CODE           	0AA2	0000	21
		_Sensor_SetTrisBit		CODE           	0B52	0000	23
		_Sensor_autoCalibration		CODE           	0526	0000	141
		_MTOUCH_Sensor_Scan_Initialize		CODE           	0899	0000	4
		_ADCC_ThresholdISR_mTouch		CODE           	08A6	0000	6
		_Sensor_RawSample_Update		CODE           	0CE5	0000	38
		_MTOUCH_Sensor_isSampling		CODE           	088E	0000	3
		_Sensor_setCalibratAcqTime		CODE           	09F0	0000	19
		_Sensor_setSamplePeriod		CODE           	0A03	0000	19
		_Sensor_FrequencyHopping		CODE           	08D2	0000	7

mcc_generated_files/mtouch/mtouch_sensor.c estimated size: 1524

